- library: lib/python3.10/site-packages/PySide6/Qt/plugins/egldeviceintegrations/libqeglfs-kms-integration.so: missing dependency 'libQt6EglFsKmsGbmSupport.so.6'. (https://snapcraft.io/docs/linters-library)
- library: lib/python3.10/site-packages/PySide6/Qt/plugins/sqldrivers/libqsqlmimer.so: missing dependency 'libmimerapi.so'. (https://snapcraft.io/docs/linters-library)
- library: lib/python3.10/site-packages/PySide6/Qt/qml/QtQuick/Scene3D/libqtquickscene3dplugin.so: missing dependency 'libQt63DQuickScene3D.so.6'. (https://snapcraft.io/docs/linters-library)
- library: lib/python3.10/site-packages/PySide6/Qt/qml/QtQuick/VirtualKeyboard/libqtvkbplugin.so: missing dependency 'libQt6VirtualKeyboardQml.so.6'. (https://snapcraft.io/docs/linters-library)
- library: lib/python3.10/site-packages/PySide6/Qt/qml/QtWayland/Compositor/IviApplication/libwaylandcompositoriviapplicationplugin.so: missing dependency 'libQt6WaylandCompositorIviapplication.so.6'. (https://snapcraft.io/docs/linters-library)
- library: lib/python3.10/site-packages/PySide6/Qt/qml/QtWayland/Compositor/PresentationTime/libwaylandcompositorpresentationtimeplugin.so: missing dependency 'libQt6WaylandCompositorPresentationTime.so.6'. (https://snapcraft.io/docs/linters-library)
- library: lib/python3.10/site-packages/PySide6/Qt/qml/QtWayland/Compositor/WlShell/libwaylandcompositorwlshellplugin.so: missing dependency 'libQt6WaylandCompositorWLShell.so.6'. (https://snapcraft.io/docs/linters-library)
- library: lib/python3.10/site-packages/PySide6/Qt/qml/QtWayland/Compositor/XdgShell/libwaylandcompositorxdgshellplugin.so: missing dependency 'libQt6WaylandCompositorXdgShell.so.6'. (https://snapcraft.io/docs/linters-library)
- library: libQt6Quick3DGlslParser.so.6: unused library 'lib/python3.10/site-packages/PySide6/Qt/lib/libQt6Quick3DGlslParser.so.6'. (https://snapcraft.io/docs/linters-library)
- library: libavcodec.so.61: unused library 'lib/python3.10/site-packages/PySide6/Qt/lib/libavcodec.so'. (https://snapcraft.io/docs/linters-library)
- library: libavcodec.so.61: unused library 'lib/python3.10/site-packages/PySide6/Qt/lib/libavcodec.so.61.19.100'. (https://snapcraft.io/docs/linters-library)
- library: libavformat.so.61: unused library 'lib/python3.10/site-packages/PySide6/Qt/lib/libavformat.so'. (https://snapcraft.io/docs/linters-library)
- library: libavformat.so.61: unused library 'lib/python3.10/site-packages/PySide6/Qt/lib/libavformat.so.61.7.100'. (https://snapcraft.io/docs/linters-library)
- library: libavutil.so.59: unused library 'lib/python3.10/site-packages/PySide6/Qt/lib/libavutil.so'. (https://snapcraft.io/docs/linters-library)
- library: libavutil.so.59: unused library 'lib/python3.10/site-packages/PySide6/Qt/lib/libavutil.so.59.39.100'. (https://snapcraft.io/docs/linters-library)
- library: libswresample.so.5: unused library 'lib/python3.10/site-packages/PySide6/Qt/lib/libswresample.so'. (https://snapcraft.io/docs/linters-library)
- library: libswresample.so.5: unused library 'lib/python3.10/site-packages/PySide6/Qt/lib/libswresample.so.5.3.100'. (https://snapcraft.io/docs/linters-library)
- library: libswscale.so.8: unused library 'lib/python3.10/site-packages/PySide6/Qt/lib/libswscale.so'. (https://snapcraft.io/docs/linters-library)
- library: libswscale.so.8: unused library 'lib/python3.10/site-packages/PySide6/Qt/lib/libswscale.so.8.3.100'. (https://snapcraft.io/docs/linters-library)
- library: libEGL_mesa.so.0: unused library 'usr/lib/x86_64-linux-gnu/libEGL_mesa.so.0.0.0'. (https://snapcraft.io/docs/linters-library)
- library: libGLX_mesa.so.0: unused library 'usr/lib/x86_64-linux-gnu/libGLX_mesa.so.0.0.0'. (https://snapcraft.io/docs/linters-library)
- library: libcolordprivate.so.2: unused library 'usr/lib/x86_64-linux-gnu/libcolordprivate.so.2.0.5'. (https://snapcraft.io/docs/linters-library)
- library: libdconf.so.1: unused library 'usr/lib/x86_64-linux-gnu/libdconf.so.1.0.0'. (https://snapcraft.io/docs/linters-library)
- library: libexslt.so.0: unused library 'usr/lib/x86_64-linux-gnu/libexslt.so.0.8.20'. (https://snapcraft.io/docs/linters-library)
- library: libgdk_pixbuf_xlib-2.0.so.0: unused library 'usr/lib/x86_64-linux-gnu/libgdk_pixbuf_xlib-2.0.so.0.4000.2'. (https://snapcraft.io/docs/linters-library)
- library: libicuio.so.70: unused library 'usr/lib/x86_64-linux-gnu/libicuio.so.70.1'. (https://snapcraft.io/docs/linters-library)
- library: libicutest.so.70: unused library 'usr/lib/x86_64-linux-gnu/libicutest.so.70.1'. (https://snapcraft.io/docs/linters-library)
- library: libpulse-simple.so.0: unused library 'usr/lib/x86_64-linux-gnu/libpulse-simple.so.0.1.1'. (https://snapcraft.io/docs/linters-library)
- library: libssl3.so: unused library 'usr/lib/x86_64-linux-gnu/libssl3.so'. (https://snapcraft.io/docs/linters-library)
- library: libxcb-xinerama.so.0: unused library 'usr/lib/x86_64-linux-gnu/libxcb-xinerama.so.0.0.0'. (https://snapcraft.io/docs/linters-library)

